============================================================
  Generated by:           Genus(TM) Synthesis Solution 21.14-s082_1
  Generated on:           Aug 22 2026  01:47:18 pm
  Module:                 uart_top_design
  Operating conditions:   PVT_1P1V_0C (balanced_tree)
  Wireload mode:          enclosed
  Area mode:              timing library
============================================================

Timing
--------

Clock  Period 
--------------
clock 50000.0 


  Cost    Critical         Violating 
 Group   Path Slack  TNS     Paths   
-------------------------------------
clock      No paths   0.0            
COMBO      No paths   0.0            
default    No paths   0.0            
INPUTS     No paths   0.0            
OUTPUTS    No paths   0.0            
REG2REG     48858.3   0.0          0 
-------------------------------------
Total                 0.0          0 

Instance Count
--------------
Leaf Instance Count             473 
Physical Instance count           0 
Sequential Instance Count       135 
Combinational Instance Count    338 
Hierarchical Instance Count       3 

Area
----
Cell Area                          1334.142
Physical Cell Area                 0.000
Total Cell Area (Cell+Physical)    1334.142
Net Area                           0.000
Total Area (Cell+Physical+Net)     1334.142

Power
-----
Leakage Power                      63.007 nW
Dynamic Power                      6289.775 nW
Total Power                        6352.782 nW

Max Fanout                         81 (clk)
Min Fanout                         1 (data_in[0])
Average Fanout                     2.1
Terms to net ratio                 3.1387
Terms to instance ratio            3.3975
Runtime                            22.877336 seconds
Elapsed Runtime                    51 seconds
Genus peak memory usage            1620.69 
Innovus peak memory usage          no_value 
Hostname                           localhost
