============================================================
  Generated by:           Genus(TM) Synthesis Solution 21.14-s082_1
  Generated on:           Aug 22 2026  09:04:30 pm
  Module:                 uart_top_design
  Operating conditions:   PVT_1P1V_0C (balanced_tree)
  Wireload mode:          enclosed
  Area mode:              timing library
============================================================


Path 1: MET (8859 ps) Setup Check with Pin uut_baud_rate/baud_count_reg[31]/CK->D
          Group: REG2REG
     Startpoint: (R) uut_baud_rate/baud_count_reg[0]/CK
          Clock: (R) clock
       Endpoint: (R) uut_baud_rate/baud_count_reg[31]/D
          Clock: (R) clock

                     Capture       Launch     
        Clock Edge:+   10000            0     
       Src Latency:+     250          250     
       Net Latency:+     250 (I)      250 (I) 
           Arrival:=   10500          500     
                                              
             Setup:-      24                  
       Uncertainty:-     100                  
     Required Time:=   10376                  
      Launch Clock:-     500                  
         Data Path:-    1017                  
             Slack:=    8859                  

#-------------------------------------------------------------------------------------------------------------------
#              Timing Point                Flags   Arc   Edge    Cell      Fanout Load Trans Delay Arrival Instance 
#                                                                                 (fF)  (ps)  (ps)   (ps)  Location 
#-------------------------------------------------------------------------------------------------------------------
  uut_baud_rate/baud_count_reg[0]/CK       -       -     R     (arrival)       81    -    50     0     500    (-,-) 
  uut_baud_rate/baud_count_reg[0]/Q        -       CK->Q R     DFFQXLHVT        4  1.2    24    76     576    (-,-) 
  uut_baud_rate/inc_add_56_46_g472__9945/Y -       A->Y  R     AND2XLHVT        3  0.7    16    39     616    (-,-) 
  uut_baud_rate/inc_add_56_46_g469__4733/Y -       B->Y  F     NAND2XL          3  0.6    19    18     634    (-,-) 
  uut_baud_rate/inc_add_56_46_g466__1881/Y -       B->Y  R     NOR2BXLHVT       3  0.7    33    29     663    (-,-) 
  uut_baud_rate/inc_add_56_46_g464__7098/Y -       B->Y  F     NAND2XL          3  0.8    25    26     689    (-,-) 
  uut_baud_rate/inc_add_56_46_g462__5122/Y -       AN->Y F     NAND2BXLHVT      2  0.5    25    35     724    (-,-) 
  uut_baud_rate/inc_add_56_46_g460__2802/Y -       B->Y  R     NOR2XLHVT        3  0.8    36    33     757    (-,-) 
  uut_baud_rate/inc_add_56_46_g458__3680/Y -       B->Y  F     NAND2XL          3  0.8    25    27     784    (-,-) 
  uut_baud_rate/inc_add_56_46_g456__5526/Y -       AN->Y F     NAND2BXLHVT      2  0.4    22    33     817    (-,-) 
  uut_baud_rate/inc_add_56_46_g453__6260/Y -       B->Y  R     NOR2BXLHVT       3  0.7    33    30     847    (-,-) 
  uut_baud_rate/inc_add_56_46_g451__2398/Y -       B->Y  F     NAND2XL          3  0.8    25    26     873    (-,-) 
  uut_baud_rate/inc_add_56_46_g449__6417/Y -       B->Y  R     NOR2BXLHVT       2  0.5    27    28     901    (-,-) 
  uut_baud_rate/inc_add_56_46_g447__1666/Y -       B->Y  F     NAND2XL          3  0.8    24    24     925    (-,-) 
  uut_baud_rate/inc_add_56_46_g445__2883/Y -       AN->Y F     NAND2BXLHVT      2  0.5    25    34     959    (-,-) 
  uut_baud_rate/inc_add_56_46_g443__9315/Y -       B->Y  R     NOR2XLHVT        3  0.8    36    33     992    (-,-) 
  uut_baud_rate/inc_add_56_46_g441__4733/Y -       B->Y  F     NAND2XL          3  0.8    25    27    1020    (-,-) 
  uut_baud_rate/inc_add_56_46_g439__5115/Y -       AN->Y F     NAND2BXLHVT      2  0.6    28    36    1056    (-,-) 
  uut_baud_rate/inc_add_56_46_g437__6131/Y -       AN->Y F     NAND2BXLHVT      2  0.5    25    35    1092    (-,-) 
  uut_baud_rate/inc_add_56_46_g435__8246/Y -       B->Y  R     NOR2XLHVT        3  0.8    36    33    1125    (-,-) 
  uut_baud_rate/inc_add_56_46_g433__1705/Y -       B->Y  F     NAND2XL          3  0.8    25    27    1152    (-,-) 
  uut_baud_rate/inc_add_56_46_g431__1617/Y -       AN->Y F     NAND2BXLHVT      2  0.4    22    33    1185    (-,-) 
  uut_baud_rate/inc_add_56_46_g428__5526/Y -       B->Y  R     NOR2BXLHVT       3  0.7    33    30    1215    (-,-) 
  uut_baud_rate/inc_add_56_46_g426__4319/Y -       B->Y  F     NAND2XL          3  0.8    25    26    1241    (-,-) 
  uut_baud_rate/inc_add_56_46_g424__5107/Y -       B->Y  R     NOR2BXLHVT       2  0.5    27    28    1269    (-,-) 
  uut_baud_rate/inc_add_56_46_g422__5477/Y -       B->Y  F     NAND2XL          3  0.6    20    22    1291    (-,-) 
  uut_baud_rate/inc_add_56_46_g419__1666/Y -       B->Y  R     NOR2BXLHVT       3  0.7    33    29    1320    (-,-) 
  uut_baud_rate/inc_add_56_46_g417__2883/Y -       B->Y  F     NAND2XL          3  0.8    25    26    1346    (-,-) 
  uut_baud_rate/inc_add_56_46_g415__9315/Y -       B->Y  R     NOR2BXLHVT       2  0.5    27    28    1374    (-,-) 
  uut_baud_rate/inc_add_56_46_g413__4733/Y -       B->Y  F     NAND2XL          3  0.8    24    24    1398    (-,-) 
  uut_baud_rate/inc_add_56_46_g411__5115/Y -       B->Y  R     NOR2BXLHVT       2  0.5    27    27    1425    (-,-) 
  uut_baud_rate/inc_add_56_46_g409__6131/Y -       B->Y  F     NAND2XL          2  0.6    20    22    1447    (-,-) 
  uut_baud_rate/inc_add_56_46_g407__8246/Y -       B->Y  R     XNOR2XLHVT       1  0.2     8    44    1491    (-,-) 
  uut_baud_rate/g1367__1617/Y              -       AN->Y R     NOR2BXLHVT       1  0.2    20    26    1517    (-,-) 
  uut_baud_rate/baud_count_reg[31]/D       <<<     -     R     DFFQXLHVT        1    -     -     0    1517    (-,-) 
#-------------------------------------------------------------------------------------------------------------------

