xrun(64): 24.09-s005: (c) Copyright 1995-2025 Cadence Design Systems, Inc.
TOOL:	xrun(64)	24.09-s005: Started on Aug 22, 2026 at 23:01:16 IST
xrun
	-f filelist
		lib/verilog/slow_vdd1v0_basicCells_hvt.v
		lib/verilog/slow_vdd1v0_basicCells_lvt.v
		lib/verilog/slow_vdd1v0_basicCells.v
		uart_netlist.v
		uart_tb.v
	-access +rwc
	-gui
Recompiling... reason: file './uart_tb.v' is newer than expected.
	expected: Sat Aug 22 22:55:13 2026
	actual:   Sat Aug 22 23:01:12 2026
file: uart_tb.v
	module worklib.uart_tb:v
		errors: 0, warnings: 0
		Caching library 'worklib' ....... Done
	Elaborating the design hierarchy:
	Top level design units:
		ACHCONX2HVT
		ADDFHX1HVT
		ADDFHX2HVT
		ADDFHX4HVT
		ADDFHXLHVT
		ADDFX1HVT
		ADDFX2HVT
		ADDFX4HVT
		ADDFXLHVT
		ADDHX1HVT
		ADDHX2HVT
		ADDHX4HVT
		ADDHXLHVT
		AND2X1HVT
		AND2X2HVT
		AND2X4HVT
		AND2X6HVT
		AND2X8HVT
		AND3X1HVT
		AND3X2HVT
		AND3X4HVT
		AND3X6HVT
		AND3X8HVT
		AND3XLHVT
		AND4X1HVT
		AND4X2HVT
		AND4X4HVT
		AND4X6HVT
		AND4X8HVT
		AND4XLHVT
		ANTENNAHVT
		AO21X1HVT
		AO21X2HVT
		AO21X4HVT
		AO21XLHVT
		AO22X1HVT
		AO22X2HVT
		AO22X4HVT
		AOI211X1HVT
		AOI211X2HVT
		AOI211X4HVT
		AOI211XLHVT
		AOI21X1HVT
		AOI21X2HVT
		AOI21X4HVT
		AOI21XLHVT
		AOI221X1HVT
		AOI221X2HVT
		AOI221X4HVT
		AOI221XLHVT
		AOI222X1HVT
		AOI222X2HVT
		AOI222X4HVT
		AOI222XLHVT
		AOI22X1HVT
		AOI22X2HVT
		AOI22X4HVT
		AOI22XLHVT
		AOI2BB1X1HVT
		AOI2BB1X2HVT
		AOI2BB1X4HVT
		AOI2BB2X1HVT
		AOI2BB2X2HVT
		AOI2BB2X4HVT
		AOI2BB2XLHVT
		AOI31X1HVT
		AOI31X2HVT
		AOI31X4HVT
		AOI31XLHVT
		AOI32X1HVT
		AOI32X2HVT
		AOI32X4HVT
		AOI32XLHVT
		AOI33X1HVT
		AOI33X2HVT
		AOI33X4HVT
		AOI33XLHVT
		BMXIX2HVT
		BMXIX4HVT
		BUFX12HVT
		BUFX16HVT
		BUFX2HVT
		BUFX20HVT
		BUFX3HVT
		BUFX4HVT
		BUFX6HVT
		BUFX8HVT
		CLKAND2X12HVT
		CLKAND2X2HVT
		CLKAND2X3HVT
		CLKAND2X4HVT
		CLKAND2X6HVT
		CLKAND2X8HVT
		CLKBUFX12HVT
		CLKBUFX16HVT
		CLKBUFX2HVT
		CLKBUFX20HVT
		CLKBUFX3HVT
		CLKBUFX4HVT
		CLKBUFX6HVT
		CLKBUFX8HVT
		CLKINVX1HVT
		CLKINVX12HVT
		CLKINVX16HVT
		CLKINVX2HVT
		CLKINVX20HVT
		CLKINVX3HVT
		CLKINVX4HVT
		CLKINVX6HVT
		CLKINVX8HVT
		CLKMX2X12HVT
		CLKMX2X2HVT
		CLKMX2X3HVT
		CLKMX2X4HVT
		CLKMX2X6HVT
		CLKMX2X8HVT
		CLKXOR2X1HVT
		CLKXOR2X2HVT
		CLKXOR2X4HVT
		CLKXOR2X8HVT
		DFFHQX1HVT
		DFFHQX2HVT
		DFFHQX4HVT
		DFFHQX8HVT
		DFFNSRX1HVT
		DFFNSRX2HVT
		DFFNSRX4HVT
		DFFNSRXLHVT
		DFFQX1HVT
		DFFQX2HVT
		DFFQX4HVT
		DFFRHQX1HVT
		DFFRHQX2HVT
		DFFRHQX4HVT
		DFFRHQX8HVT
		DFFRX1HVT
		DFFRX2HVT
		DFFRX4HVT
		DFFRXLHVT
		DFFSHQX1HVT
		DFFSHQX2HVT
		DFFSHQX4HVT
		DFFSHQX8HVT
		DFFSRHQX1HVT
		DFFSRHQX2HVT
		DFFSRHQX4HVT
		DFFSRHQX8HVT
		DFFSRX1HVT
		DFFSRX2HVT
		DFFSRX4HVT
		DFFSRXLHVT
		DFFSX1HVT
		DFFSX2HVT
		DFFSX4HVT
		DFFSXLHVT
		DFFTRX1HVT
		DFFTRX2HVT
		DFFTRX4HVT
		DFFTRXLHVT
		DFFX1HVT
		DFFX2HVT
		DFFX4HVT
		DFFXLHVT
		DLY1X1HVT
		DLY1X4HVT
		DLY2X1HVT
		DLY2X4HVT
		DLY3X1HVT
		DLY3X4HVT
		DLY4X1HVT
		DLY4X4HVT
		EDFFHQX1HVT
		EDFFHQX2HVT
		EDFFHQX4HVT
		EDFFHQX8HVT
		EDFFTRX1HVT
		EDFFTRX2HVT
		EDFFTRX4HVT
		EDFFTRXLHVT
		EDFFX1HVT
		EDFFX2HVT
		EDFFX4HVT
		EDFFXLHVT
		HOLDX1HVT
		INVX1HVT
		INVX12HVT
		INVX16HVT
		INVX2HVT
		INVX20HVT
		INVX3HVT
		INVX4HVT
		INVX6HVT
		INVX8HVT
		MDFFHQX1HVT
		MDFFHQX2HVT
		MDFFHQX4HVT
		MDFFHQX8HVT
		MX2X1HVT
		MX2X2HVT
		MX2X4HVT
		MX2X6HVT
		MX2X8HVT
		MX2XLHVT
		MX3X1HVT
		MX3X2HVT
		MX3X4HVT
		MX3XLHVT
		MX4X1HVT
		MX4X2HVT
		MX4X4HVT
		MX4XLHVT
		MXI2X1HVT
		MXI2X2HVT
		MXI2X4HVT
		MXI2X6HVT
		MXI2X8HVT
		MXI3X1HVT
		MXI3X2HVT
		MXI3X4HVT
		MXI3XLHVT
		MXI4X1HVT
		MXI4X2HVT
		MXI4X4HVT
		MXI4XLHVT
		NAND2BX1HVT
		NAND2BX2HVT
		NAND2BX4HVT
		NAND2X1HVT
		NAND2X2HVT
		NAND2X4HVT
		NAND2X6HVT
		NAND2X8HVT
		NAND2XLHVT
		NAND3BX1HVT
		NAND3BX2HVT
		NAND3BX4HVT
		NAND3BXLHVT
		NAND3X1HVT
		NAND3X2HVT
		NAND3X4HVT
		NAND3X6HVT
		NAND3X8HVT
		NAND3XLHVT
		NAND4BBX1HVT
		NAND4BBX2HVT
		NAND4BBX4HVT
		NAND4BBXLHVT
		NAND4BX1HVT
		NAND4BX2HVT
		NAND4BX4HVT
		NAND4BXLHVT
		NAND4X1HVT
		NAND4X2HVT
		NAND4X4HVT
		NAND4X6HVT
		NAND4X8HVT
		NAND4XLHVT
		NOR2BX1HVT
		NOR2BX2HVT
		NOR2BX4HVT
		NOR2X1HVT
		NOR2X2HVT
		NOR2X4HVT
		NOR2X6HVT
		NOR2X8HVT
		NOR3BX1HVT
		NOR3BX2HVT
		NOR3BX4HVT
		NOR3X1HVT
		NOR3X2HVT
		NOR3X4HVT
		NOR3X6HVT
		NOR3X8HVT
		NOR4BBX1HVT
		NOR4BBX2HVT
		NOR4BBX4HVT
		NOR4BBXLHVT
		NOR4BX1HVT
		NOR4BX2HVT
		NOR4BX4HVT
		NOR4BXLHVT
		NOR4X1HVT
		NOR4X2HVT
		NOR4X4HVT
		NOR4X6HVT
		NOR4X8HVT
		OA21X1HVT
		OA21X2HVT
		OA21X4HVT
		OA22X1HVT
		OA22X2HVT
		OA22X4HVT
		OA22XLHVT
		OAI211X1HVT
		OAI211X2HVT
		OAI211X4HVT
		OAI211XLHVT
		OAI21X1HVT
		OAI21X2HVT
		OAI21X4HVT
		OAI21XLHVT
		OAI221X1HVT
		OAI221X2HVT
		OAI221X4HVT
		OAI221XLHVT
		OAI222X1HVT
		OAI222X2HVT
		OAI222X4HVT
		OAI222XLHVT
		OAI22X1HVT
		OAI22X2HVT
		OAI22X4HVT
		OAI22XLHVT
		OAI2BB1X1HVT
		OAI2BB1X2HVT
		OAI2BB1X4HVT
		OAI2BB2X1HVT
		OAI2BB2X2HVT
		OAI2BB2X4HVT
		OAI2BB2XLHVT
		OAI31X1HVT
		OAI31X2HVT
		OAI31X4HVT
		OAI31XLHVT
		OAI32X1HVT
		OAI32X2HVT
		OAI32X4HVT
		OAI33X1HVT
		OAI33X2HVT
		OAI33X4HVT
		OR2X1HVT
		OR2X2HVT
		OR2X4HVT
		OR2X6HVT
		OR2X8HVT
		OR3X1HVT
		OR3X2HVT
		OR3X4HVT
		OR3X6HVT
		OR3X8HVT
		OR3XLHVT
		OR4X1HVT
		OR4X2HVT
		OR4X4HVT
		OR4X6HVT
		OR4X8HVT
		SDFFHQX1HVT
		SDFFHQX2HVT
		SDFFHQX4HVT
		SDFFHQX8HVT
		SDFFNSRX1HVT
		SDFFNSRX2HVT
		SDFFNSRX4HVT
		SDFFNSRXLHVT
		SDFFQX1HVT
		SDFFQX2HVT
		SDFFQX4HVT
		SDFFRHQX1HVT
		SDFFRHQX2HVT
		SDFFRHQX4HVT
		SDFFRHQX8HVT
		SDFFRX1HVT
		SDFFRX2HVT
		SDFFRX4HVT
		SDFFRXLHVT
		SDFFSHQX1HVT
		SDFFSHQX2HVT
		SDFFSHQX4HVT
		SDFFSHQX8HVT
		SDFFSRHQX1HVT
		SDFFSRHQX2HVT
		SDFFSRHQX4HVT
		SDFFSRHQX8HVT
		SDFFSRX1HVT
		SDFFSRX2HVT
		SDFFSRX4HVT
		SDFFSRXLHVT
		SDFFSX1HVT
		SDFFSX2HVT
		SDFFSX4HVT
		SDFFSXLHVT
		SDFFTRX1HVT
		SDFFTRX2HVT
		SDFFTRX4HVT
		SDFFTRXLHVT
		SDFFX1HVT
		SDFFX2HVT
		SDFFX4HVT
		SDFFXLHVT
		SEDFFHQX1HVT
		SEDFFHQX2HVT
		SEDFFHQX4HVT
		SEDFFHQX8HVT
		SEDFFTRX1HVT
		SEDFFTRX2HVT
		SEDFFTRX4HVT
		SEDFFTRXLHVT
		SEDFFX1HVT
		SEDFFX2HVT
		SEDFFX4HVT
		SEDFFXLHVT
		SMDFFHQX1HVT
		SMDFFHQX2HVT
		SMDFFHQX4HVT
		SMDFFHQX8HVT
		TBUFX1HVT
		TBUFX12HVT
		TBUFX16HVT
		TBUFX2HVT
		TBUFX20HVT
		TBUFX3HVT
		TBUFX4HVT
		TBUFX6HVT
		TBUFX8HVT
		TBUFXLHVT
		TIEHIHVT
		TIELOHVT
		TLATNCAX12HVT
		TLATNCAX16HVT
		TLATNCAX2HVT
		TLATNCAX20HVT
		TLATNCAX3HVT
		TLATNCAX4HVT
		TLATNCAX6HVT
		TLATNCAX8HVT
		TLATNSRX1HVT
		TLATNSRX2HVT
		TLATNSRX4HVT
		TLATNSRXLHVT
		TLATNTSCAX12HVT
		TLATNTSCAX16HVT
		TLATNTSCAX2HVT
		TLATNTSCAX20HVT
		TLATNTSCAX3HVT
		TLATNTSCAX4HVT
		TLATNTSCAX6HVT
		TLATNTSCAX8HVT
		TLATNX1HVT
		TLATNX2HVT
		TLATNX4HVT
		TLATSRX1HVT
		TLATSRX2HVT
		TLATSRX4HVT
		TLATSRXLHVT
		TLATX1HVT
		TLATX2HVT
		TLATX4HVT
		XNOR2X1HVT
		XNOR2X2HVT
		XNOR2X4HVT
		XNOR3X1HVT
		XNOR3XLHVT
		XOR2X1HVT
		XOR2X2HVT
		XOR2X4HVT
		XOR2XLHVT
		XOR3X1HVT
		XOR3XLHVT
		ACHCONX2LVT
		ADDFHX1LVT
		ADDFHX2LVT
		ADDFHX4LVT
		ADDFHXLLVT
		ADDFX1LVT
		ADDFX2LVT
		ADDFX4LVT
		ADDFXLLVT
		ADDHX1LVT
		ADDHX2LVT
		ADDHX4LVT
		ADDHXLLVT
		AND2X1LVT
		AND2X2LVT
		AND2X4LVT
		AND2X6LVT
		AND2X8LVT
		AND2XLLVT
		AND3X1LVT
		AND3X2LVT
		AND3X4LVT
		AND3X6LVT
		AND3X8LVT
		AND3XLLVT
		AND4X1LVT
		AND4X2LVT
		AND4X4LVT
		AND4X6LVT
		AND4X8LVT
		AND4XLLVT
		ANTENNALVT
		AO21X1LVT
		AO21X2LVT
		AO21X4LVT
		AO21XLLVT
		AO22X1LVT
		AO22X2LVT
		AO22X4LVT
		AO22XLLVT
		AOI211X1LVT
		AOI211X2LVT
		AOI211X4LVT
		AOI211XLLVT
		AOI21X1LVT
		AOI21X2LVT
		AOI21X4LVT
		AOI21XLLVT
		AOI221X1LVT
		AOI221X2LVT
		AOI221X4LVT
		AOI221XLLVT
		AOI222X1LVT
		AOI222X2LVT
		AOI222X4LVT
		AOI222XLLVT
		AOI22X1LVT
		AOI22X2LVT
		AOI22X4LVT
		AOI22XLLVT
		AOI2BB1X1LVT
		AOI2BB1X2LVT
		AOI2BB1X4LVT
		AOI2BB1XLLVT
		AOI2BB2X1LVT
		AOI2BB2X2LVT
		AOI2BB2X4LVT
		AOI2BB2XLLVT
		AOI31X1LVT
		AOI31X2LVT
		AOI31X4LVT
		AOI31XLLVT
		AOI32X1LVT
		AOI32X2LVT
		AOI32X4LVT
		AOI32XLLVT
		AOI33X1LVT
		AOI33X2LVT
		AOI33X4LVT
		AOI33XLLVT
		BMXIX2LVT
		BMXIX4LVT
		BUFX12LVT
		BUFX16LVT
		BUFX2LVT
		BUFX20LVT
		BUFX3LVT
		BUFX4LVT
		BUFX6LVT
		BUFX8LVT
		CLKAND2X12LVT
		CLKAND2X2LVT
		CLKAND2X3LVT
		CLKAND2X4LVT
		CLKAND2X6LVT
		CLKAND2X8LVT
		CLKBUFX12LVT
		CLKBUFX16LVT
		CLKBUFX2LVT
		CLKBUFX20LVT
		CLKBUFX3LVT
		CLKBUFX4LVT
		CLKBUFX6LVT
		CLKBUFX8LVT
		CLKINVX1LVT
		CLKINVX12LVT
		CLKINVX16LVT
		CLKINVX2LVT
		CLKINVX20LVT
		CLKINVX3LVT
		CLKINVX4LVT
		CLKINVX6LVT
		CLKINVX8LVT
		CLKMX2X12LVT
		CLKMX2X2LVT
		CLKMX2X3LVT
		CLKMX2X4LVT
		CLKMX2X6LVT
		CLKMX2X8LVT
		CLKXOR2X1LVT
		CLKXOR2X2LVT
		CLKXOR2X4LVT
		CLKXOR2X8LVT
		DFFHQX1LVT
		DFFHQX2LVT
		DFFHQX4LVT
		DFFHQX8LVT
		DFFNSRX1LVT
		DFFNSRX2LVT
		DFFNSRX4LVT
		DFFNSRXLLVT
		DFFQX1LVT
		DFFQX2LVT
		DFFQX4LVT
		DFFQXLLVT
		DFFRHQX1LVT
		DFFRHQX2LVT
		DFFRHQX4LVT
		DFFRHQX8LVT
		DFFRX1LVT
		DFFRX2LVT
		DFFRX4LVT
		DFFRXLLVT
		DFFSHQX1LVT
		DFFSHQX2LVT
		DFFSHQX4LVT
		DFFSHQX8LVT
		DFFSRHQX1LVT
		DFFSRHQX2LVT
		DFFSRHQX4LVT
		DFFSRHQX8LVT
		DFFSRX1LVT
		DFFSRX2LVT
		DFFSRX4LVT
		DFFSRXLLVT
		DFFSX1LVT
		DFFSX2LVT
		DFFSX4LVT
		DFFSXLLVT
		DFFTRX1LVT
		DFFTRX2LVT
		DFFTRX4LVT
		DFFTRXLLVT
		DFFX1LVT
		DFFX2LVT
		DFFX4LVT
		DFFXLLVT
		DLY1X1LVT
		DLY1X4LVT
		DLY2X1LVT
		DLY2X4LVT
		DLY3X1LVT
		DLY3X4LVT
		DLY4X1LVT
		DLY4X4LVT
		EDFFHQX1LVT
		EDFFHQX2LVT
		EDFFHQX4LVT
		EDFFHQX8LVT
		EDFFTRX1LVT
		EDFFTRX2LVT
		EDFFTRX4LVT
		EDFFTRXLLVT
		EDFFX1LVT
		EDFFX2LVT
		EDFFX4LVT
		EDFFXLLVT
		HOLDX1LVT
		INVX1LVT
		INVX12LVT
		INVX16LVT
		INVX2LVT
		INVX20LVT
		INVX3LVT
		INVX4LVT
		INVX6LVT
		INVX8LVT
		INVXLLVT
		MDFFHQX1LVT
		MDFFHQX2LVT
		MDFFHQX4LVT
		MDFFHQX8LVT
		MX2X1LVT
		MX2X2LVT
		MX2X4LVT
		MX2X6LVT
		MX2X8LVT
		MX2XLLVT
		MX3X1LVT
		MX3X2LVT
		MX3X4LVT
		MX3XLLVT
		MX4X1LVT
		MX4X2LVT
		MX4X4LVT
		MX4XLLVT
		MXI2X1LVT
		MXI2X2LVT
		MXI2X4LVT
		MXI2X6LVT
		MXI2X8LVT
		MXI2XLLVT
		MXI3X1LVT
		MXI3X2LVT
		MXI3X4LVT
		MXI3XLLVT
		MXI4X1LVT
		MXI4X2LVT
		MXI4X4LVT
		MXI4XLLVT
		NAND2BX1LVT
		NAND2BX2LVT
		NAND2BX4LVT
		NAND2BXLLVT
		NAND2X1LVT
		NAND2X2LVT
		NAND2X4LVT
		NAND2X6LVT
		NAND2X8LVT
		NAND2XLLVT
		NAND3BX1LVT
		NAND3BX2LVT
		NAND3BX4LVT
		NAND3BXLLVT
		NAND3X1LVT
		NAND3X2LVT
		NAND3X4LVT
		NAND3X6LVT
		NAND3X8LVT
		NAND3XLLVT
		NAND4BBX1LVT
		NAND4BBX2LVT
		NAND4BBX4LVT
		NAND4BBXLLVT
		NAND4BX1LVT
		NAND4BX2LVT
		NAND4BX4LVT
		NAND4BXLLVT
		NAND4X1LVT
		NAND4X2LVT
		NAND4X4LVT
		NAND4X6LVT
		NAND4X8LVT
		NAND4XLLVT
		NOR2BX1LVT
		NOR2BX2LVT
		NOR2BX4LVT
		NOR2BXLLVT
		NOR2X1LVT
		NOR2X2LVT
		NOR2X4LVT
		NOR2X6LVT
		NOR2X8LVT
		NOR2XLLVT
		NOR3BX1LVT
		NOR3BX2LVT
		NOR3BX4LVT
		NOR3BXLLVT
		NOR3X1LVT
		NOR3X2LVT
		NOR3X4LVT
		NOR3X6LVT
		NOR3X8LVT
		NOR3XLLVT
		NOR4BBX1LVT
		NOR4BBX2LVT
		NOR4BBX4LVT
		NOR4BBXLLVT
		NOR4BX1LVT
		NOR4BX2LVT
		NOR4BX4LVT
		NOR4BXLLVT
		NOR4X1LVT
		NOR4X2LVT
		NOR4X4LVT
		NOR4X6LVT
		NOR4X8LVT
		NOR4XLLVT
		OA21X1LVT
		OA21X2LVT
		OA21X4LVT
		OA21XLLVT
		OA22X1LVT
		OA22X2LVT
		OA22X4LVT
		OA22XLLVT
		OAI211X1LVT
		OAI211X2LVT
		OAI211X4LVT
		OAI211XLLVT
		OAI21X1LVT
		OAI21X2LVT
		OAI21X4LVT
		OAI21XLLVT
		OAI221X1LVT
		OAI221X2LVT
		OAI221X4LVT
		OAI221XLLVT
		OAI222X1LVT
		OAI222X2LVT
		OAI222X4LVT
		OAI222XLLVT
		OAI22X1LVT
		OAI22X2LVT
		OAI22X4LVT
		OAI22XLLVT
		OAI2BB1X1LVT
		OAI2BB1X2LVT
		OAI2BB1X4LVT
		OAI2BB1XLLVT
		OAI2BB2X1LVT
		OAI2BB2X2LVT
		OAI2BB2X4LVT
		OAI2BB2XLLVT
		OAI31X1LVT
		OAI31X2LVT
		OAI31X4LVT
		OAI31XLLVT
		OAI32X1LVT
		OAI32X2LVT
		OAI32X4LVT
		OAI32XLLVT
		OAI33X1LVT
		OAI33X2LVT
		OAI33X4LVT
		OAI33XLLVT
		OR2X1LVT
		OR2X2LVT
		OR2X4LVT
		OR2X6LVT
		OR2X8LVT
		OR2XLLVT
		OR3X1LVT
		OR3X2LVT
		OR3X4LVT
		OR3X6LVT
		OR3X8LVT
		OR3XLLVT
		OR4X1LVT
		OR4X2LVT
		OR4X4LVT
		OR4X6LVT
		OR4X8LVT
		OR4XLLVT
		SDFFHQX1LVT
		SDFFHQX2LVT
		SDFFHQX4LVT
		SDFFHQX8LVT
		SDFFNSRX1LVT
		SDFFNSRX2LVT
		SDFFNSRX4LVT
		SDFFNSRXLLVT
		SDFFQX1LVT
		SDFFQX2LVT
		SDFFQX4LVT
		SDFFQXLLVT
		SDFFRHQX1LVT
		SDFFRHQX2LVT
		SDFFRHQX4LVT
		SDFFRHQX8LVT
		SDFFRX1LVT
		SDFFRX2LVT
		SDFFRX4LVT
		SDFFRXLLVT
		SDFFSHQX1LVT
		SDFFSHQX2LVT
		SDFFSHQX4LVT
		SDFFSHQX8LVT
		SDFFSRHQX1LVT
		SDFFSRHQX2LVT
		SDFFSRHQX4LVT
		SDFFSRHQX8LVT
		SDFFSRX1LVT
		SDFFSRX2LVT
		SDFFSRX4LVT
		SDFFSRXLLVT
		SDFFSX1LVT
		SDFFSX2LVT
		SDFFSX4LVT
		SDFFSXLLVT
		SDFFTRX1LVT
		SDFFTRX2LVT
		SDFFTRX4LVT
		SDFFTRXLLVT
		SDFFX1LVT
		SDFFX2LVT
		SDFFX4LVT
		SDFFXLLVT
		SEDFFHQX1LVT
		SEDFFHQX2LVT
		SEDFFHQX4LVT
		SEDFFHQX8LVT
		SEDFFTRX1LVT
		SEDFFTRX2LVT
		SEDFFTRX4LVT
		SEDFFTRXLLVT
		SEDFFX1LVT
		SEDFFX2LVT
		SEDFFX4LVT
		SEDFFXLLVT
		SMDFFHQX1LVT
		SMDFFHQX2LVT
		SMDFFHQX4LVT
		SMDFFHQX8LVT
		TBUFX1LVT
		TBUFX12LVT
		TBUFX16LVT
		TBUFX2LVT
		TBUFX20LVT
		TBUFX3LVT
		TBUFX4LVT
		TBUFX6LVT
		TBUFX8LVT
		TBUFXLLVT
		TIEHILVT
		TIELOLVT
		TLATNCAX12LVT
		TLATNCAX16LVT
		TLATNCAX2LVT
		TLATNCAX20LVT
		TLATNCAX3LVT
		TLATNCAX4LVT
		TLATNCAX6LVT
		TLATNCAX8LVT
		TLATNSRX1LVT
		TLATNSRX2LVT
		TLATNSRX4LVT
		TLATNSRXLLVT
		TLATNTSCAX12LVT
		TLATNTSCAX16LVT
		TLATNTSCAX2LVT
		TLATNTSCAX20LVT
		TLATNTSCAX3LVT
		TLATNTSCAX4LVT
		TLATNTSCAX6LVT
		TLATNTSCAX8LVT
		TLATNX1LVT
		TLATNX2LVT
		TLATNX4LVT
		TLATNXLLVT
		TLATSRX1LVT
		TLATSRX2LVT
		TLATSRX4LVT
		TLATSRXLLVT
		TLATX1LVT
		TLATX2LVT
		TLATX4LVT
		TLATXLLVT
		XNOR2X1LVT
		XNOR2X2LVT
		XNOR2X4LVT
		XNOR2XLLVT
		XNOR3X1LVT
		XNOR3XLLVT
		XOR2X1LVT
		XOR2X2LVT
		XOR2X4LVT
		XOR2XLLVT
		XOR3X1LVT
		XOR3XLLVT
		ACHCONX2
		ADDFHX1
		ADDFHX2
		ADDFHX4
		ADDFHXL
		ADDFX1
		ADDFX2
		ADDFX4
		ADDFXL
		ADDHX1
		ADDHX2
		ADDHX4
		ADDHXL
		AND2X1
		AND2X2
		AND2X4
		AND2X6
		AND2X8
		AND2XL
		AND3X1
		AND3X2
		AND3X4
		AND3X6
		AND3X8
		AND3XL
		AND4X1
		AND4X2
		AND4X4
		AND4X6
		AND4X8
		ANTENNA
		AO21X1
		AO21X2
		AO21X4
		AO21XL
		AO22X1
		AO22X2
		AO22X4
		AO22XL
		AOI211X1
		AOI211X2
		AOI211X4
		AOI211XL
		AOI21X1
		AOI21X2
		AOI21X4
		AOI221X1
		AOI221X2
		AOI221X4
		AOI221XL
		AOI222X1
		AOI222X2
		AOI222X4
		AOI22X1
		AOI22X2
		AOI22X4
		AOI2BB1X1
		AOI2BB1X2
		AOI2BB1X4
		AOI2BB1XL
		AOI2BB2X1
		AOI2BB2X2
		AOI2BB2X4
		AOI2BB2XL
		AOI31X1
		AOI31X2
		AOI31X4
		AOI32X1
		AOI32X2
		AOI32X4
		AOI32XL
		AOI33X1
		AOI33X2
		AOI33X4
		AOI33XL
		BMXIX2
		BMXIX4
		BUFX12
		BUFX16
		BUFX2
		BUFX20
		BUFX3
		BUFX4
		BUFX6
		BUFX8
		CLKAND2X12
		CLKAND2X2
		CLKAND2X3
		CLKAND2X4
		CLKAND2X6
		CLKAND2X8
		CLKBUFX12
		CLKBUFX16
		CLKBUFX2
		CLKBUFX20
		CLKBUFX3
		CLKBUFX4
		CLKBUFX6
		CLKBUFX8
		CLKINVX12
		CLKINVX16
		CLKINVX2
		CLKINVX20
		CLKINVX3
		CLKINVX4
		CLKINVX6
		CLKINVX8
		CLKMX2X12
		CLKMX2X2
		CLKMX2X3
		CLKMX2X4
		CLKMX2X6
		CLKMX2X8
		CLKXOR2X1
		CLKXOR2X2
		CLKXOR2X4
		CLKXOR2X8
		DECAP10
		DECAP2
		DECAP3
		DECAP4
		DECAP5
		DECAP6
		DECAP7
		DECAP8
		DECAP9
		DFFHQX1
		DFFHQX2
		DFFHQX4
		DFFHQX8
		DFFNSRX1
		DFFNSRX2
		DFFNSRX4
		DFFNSRXL
		DFFQX1
		DFFQX2
		DFFQX4
		DFFQXL
		DFFRHQX1
		DFFRHQX2
		DFFRHQX4
		DFFRHQX8
		DFFRX1
		DFFRX2
		DFFRX4
		DFFRXL
		DFFSHQX1
		DFFSHQX2
		DFFSHQX4
		DFFSHQX8
		DFFSRHQX1
		DFFSRHQX2
		DFFSRHQX4
		DFFSRHQX8
		DFFSRX1
		DFFSRX2
		DFFSRX4
		DFFSRXL
		DFFSX1
		DFFSX2
		DFFSX4
		DFFSXL
		DFFTRX1
		DFFTRX2
		DFFTRX4
		DFFTRXL
		DFFX1
		DFFX2
		DFFX4
		DFFXL
		DLY1X1
		DLY1X4
		DLY2X1
		DLY2X4
		DLY3X1
		DLY3X4
		DLY4X1
		DLY4X4
		EDFFHQX1
		EDFFHQX2
		EDFFHQX4
		EDFFHQX8
		EDFFTRX1
		EDFFTRX2
		EDFFTRX4
		EDFFTRXL
		EDFFX1
		EDFFX2
		EDFFX4
		EDFFXL
		HOLDX1
		INVX1
		INVX12
		INVX16
		INVX2
		INVX20
		INVX3
		INVX4
		INVX6
		INVX8
		INVXL
		MDFFHQX1
		MDFFHQX2
		MDFFHQX4
		MDFFHQX8
		MX2X1
		MX2X2
		MX2X4
		MX2X6
		MX2X8
		MX2XL
		MX3X1
		MX3X2
		MX3X4
		MX3XL
		MX4X1
		MX4X2
		MX4X4
		MX4XL
		MXI2X1
		MXI2X2
		MXI2X4
		MXI2X6
		MXI2X8
		MXI2XL
		MXI3X1
		MXI3X2
		MXI3X4
		MXI3XL
		MXI4X1
		MXI4X2
		MXI4X4
		MXI4XL
		NAND2BX1
		NAND2BX2
		NAND2BX4
		NAND2BXL
		NAND2X1
		NAND2X2
		NAND2X4
		NAND2X6
		NAND2X8
		NAND3BX1
		NAND3BX2
		NAND3BX4
		NAND3BXL
		NAND3X1
		NAND3X2
		NAND3X4
		NAND3X6
		NAND3X8
		NAND4BBX1
		NAND4BBX2
		NAND4BBX4
		NAND4BBXL
		NAND4BX1
		NAND4BX2
		NAND4BX4
		NAND4BXL
		NAND4X1
		NAND4X2
		NAND4X4
		NAND4X6
		NAND4X8
		NOR2BX1
		NOR2BX2
		NOR2BX4
		NOR2BXL
		NOR2X1
		NOR2X2
		NOR2X4
		NOR2X6
		NOR2X8
		NOR2XL
		NOR3BX1
		NOR3BX2
		NOR3BX4
		NOR3BXL
		NOR3X1
		NOR3X2
		NOR3X4
		NOR3X6
		NOR3X8
		NOR3XL
		NOR4BBX1
		NOR4BBX2
		NOR4BBX4
		NOR4BBXL
		NOR4BX1
		NOR4BX2
		NOR4BX4
		NOR4BXL
		NOR4X1
		NOR4X2
		NOR4X4
		NOR4X6
		NOR4X8
		NOR4XL
		OA21X1
		OA21X2
		OA21X4
		OA21XL
		OA22X1
		OA22X2
		OA22X4
		OA22XL
		OAI211X1
		OAI211X2
		OAI211X4
		OAI211XL
		OAI21X1
		OAI21X2
		OAI21X4
		OAI221X1
		OAI221X2
		OAI221X4
		OAI221XL
		OAI222X1
		OAI222X2
		OAI222X4
		OAI22X1
		OAI22X2
		OAI22X4
		OAI2BB1X1
		OAI2BB1X2
		OAI2BB1X4
		OAI2BB1XL
		OAI2BB2X1
		OAI2BB2X2
		OAI2BB2X4
		OAI2BB2XL
		OAI31X1
		OAI31X2
		OAI31X4
		OAI32X1
		OAI32X2
		OAI32X4
		OAI32XL
		OAI33X1
		OAI33X2
		OAI33X4
		OAI33XL
		OR2X1
		OR2X2
		OR2X4
		OR2X6
		OR2X8
		OR2XL
		OR3X1
		OR3X2
		OR3X4
		OR3X6
		OR3X8
		OR3XL
		OR4X1
		OR4X2
		OR4X4
		OR4X6
		OR4X8
		OR4XL
		SDFFHQX1
		SDFFHQX2
		SDFFHQX4
		SDFFHQX8
		SDFFNSRX1
		SDFFNSRX2
		SDFFNSRX4
		SDFFNSRXL
		SDFFQX1
		SDFFQX2
		SDFFQX4
		SDFFQXL
		SDFFRHQX1
		SDFFRHQX2
		SDFFRHQX4
		SDFFRHQX8
		SDFFRX1
		SDFFRX2
		SDFFRX4
		SDFFRXL
		SDFFSHQX1
		SDFFSHQX2
		SDFFSHQX4
		SDFFSHQX8
		SDFFSRHQX1
		SDFFSRHQX2
		SDFFSRHQX4
		SDFFSRHQX8
		SDFFSRX1
		SDFFSRX2
		SDFFSRX4
		SDFFSRXL
		SDFFSX1
		SDFFSX2
		SDFFSX4
		SDFFSXL
		SDFFTRX1
		SDFFTRX2
		SDFFTRX4
		SDFFTRXL
		SDFFX1
		SDFFX2
		SDFFX4
		SDFFXL
		SEDFFHQX1
		SEDFFHQX2
		SEDFFHQX4
		SEDFFHQX8
		SEDFFTRX1
		SEDFFTRX2
		SEDFFTRX4
		SEDFFTRXL
		SEDFFX1
		SEDFFX2
		SEDFFX4
		SEDFFXL
		SMDFFHQX1
		SMDFFHQX2
		SMDFFHQX4
		SMDFFHQX8
		TBUFX1
		TBUFX12
		TBUFX16
		TBUFX2
		TBUFX20
		TBUFX3
		TBUFX4
		TBUFX6
		TBUFX8
		TBUFXL
		TIEHI
		TIELO
		TLATNCAX12
		TLATNCAX16
		TLATNCAX2
		TLATNCAX20
		TLATNCAX3
		TLATNCAX4
		TLATNCAX6
		TLATNCAX8
		TLATNSRX1
		TLATNSRX2
		TLATNSRX4
		TLATNSRXL
		TLATNTSCAX12
		TLATNTSCAX16
		TLATNTSCAX2
		TLATNTSCAX20
		TLATNTSCAX3
		TLATNTSCAX4
		TLATNTSCAX6
		TLATNTSCAX8
		TLATNX1
		TLATNX4
		TLATNXL
		TLATSRX1
		TLATSRX2
		TLATSRX4
		TLATSRXL
		TLATX1
		TLATX2
		TLATX4
		TLATXL
		XNOR2X1
		XNOR2X2
		XNOR2X4
		XNOR2XL
		XNOR3X1
		XNOR3XL
		XOR2X1
		XOR2X2
		XOR2X4
		XOR2XL
		XOR3X1
		XOR3XL
		uart_tb
	Reading SDF file from location "delays.sdf"
	Writing compiled SDF file to "delays.sdf.X".
	Annotating SDF timing data:
		Compiled SDF file:     delays.sdf.X
		Log file:              sdf.log
		Backannotation scope:  uart_tb.uut
		Configuration file:    
		MTM control:           MAXIMUM
		Scale factors:         
		Scale type:            
	Annotation completed successfully...
	SDF statistics: 
		 No. of Pathdelays = 6059    	 No. of Disabled Pathdelays = 0        Annotated = 19.67% (1192/6059) 
		 No. of Tchecks    = 4313    	 No. of Disabled Tchecks    = 0        Annotated = 6.45% (278.00/4313) 

				        Total(T) 	   Disabled(D) 	    Annotated(A)	  Percentage(A/(T-D))

		Path Delays 	          6059	             0	              1192	                 19.67

		$hold       	           288	             0	                 0	                  0.00

		$width      	          1385	             0	                 0	                  0.00

		$recovery   	           288	             0	                 0	                  0.00

		$setuphold  	          2352	             0	            278.00	                 11.82
		      $setup	          2352	             0	               278	                 11.82
		       $hold	          2352	             0	               278	                 11.82

	Building instance overlay tables: .................... Done
	Generating native compiled code:
		worklib.TLATNX2:v <0x2e5b7486>
			streams:   0, words:     0
		worklib.TLATXLHVT:v <0x0350e123>
			streams:   0, words:     0
		worklib.SDFFQXLHVT:v <0x61bafa58>
			streams:   0, words:     0
		worklib.DFFQXLHVT:v <0x606742c4>
			streams:   0, words:     0
		worklib.TLATNXLHVT:v <0x58a4e137>
			streams:   0, words:     0
		worklib.DFFQXLHVT:v <0x290583e8>
			streams:   0, words:     0
		worklib.uart_tb:v <0x560ac811>
			streams:  10, words: 11012
		worklib.TLATXL:v <0x23b3fd5d>
			streams:   0, words:     0
		worklib.TLATX4:v <0x73523f5f>
			streams:   0, words:     0
		worklib.TLATX2:v <0x1dd1bef8>
			streams:   0, words:     0
		worklib.TLATX1:v <0x6e3d15d0>
			streams:   0, words:     0
		worklib.TLATSRXL:v <0x494f110d>
			streams:   0, words:     0
		worklib.TLATSRX4:v <0x4240f446>
			streams:   0, words:     0
		worklib.TLATSRX2:v <0x59b1aeb3>
			streams:   0, words:     0
		worklib.TLATSRX1:v <0x4817307b>
			streams:   0, words:     0
		worklib.TLATNXL:v <0x0473f887>
			streams:   0, words:     0
		worklib.TLATNX4:v <0x7e6b3114>
			streams:   0, words:     0
		worklib.TLATNX1:v <0x56b49673>
			streams:   0, words:     0
		worklib.TLATNTSCAX8:v <0x4885842e>
			streams:   0, words:     0
		worklib.TLATNTSCAX6:v <0x61254534>
			streams:   0, words:     0
		worklib.TLATNTSCAX4:v <0x1b5e0263>
			streams:   0, words:     0
		worklib.TLATNTSCAX3:v <0x3e68d27c>
			streams:   0, words:     0
		worklib.TLATNTSCAX20:v <0x6c7b5a81>
			streams:   0, words:     0
		worklib.TLATNTSCAX2:v <0x761eaabe>
			streams:   0, words:     0
		worklib.TLATNTSCAX16:v <0x56f6a575>
			streams:   0, words:     0
		worklib.TLATNTSCAX12:v <0x618a67cb>
			streams:   0, words:     0
		worklib.TLATNSRXL:v <0x714b0f4a>
			streams:   0, words:     0
		worklib.TLATNSRX4:v <0x3fa2ef66>
			streams:   0, words:     0
		worklib.TLATNSRX2:v <0x6679ecb6>
			streams:   0, words:     0
		worklib.TLATNSRX1:v <0x52673517>
			streams:   0, words:     0
		worklib.TLATNCAX8:v <0x732128b6>
			streams:   0, words:     0
		worklib.TLATNCAX6:v <0x4cf6a35a>
			streams:   0, words:     0
		worklib.TLATNCAX4:v <0x79274ff8>
			streams:   0, words:     0
		worklib.TLATNCAX3:v <0x172a3a9c>
			streams:   0, words:     0
		worklib.TLATNCAX20:v <0x73cb2718>
			streams:   0, words:     0
		worklib.TLATNCAX2:v <0x7c247c5f>
			streams:   0, words:     0
		worklib.TLATNCAX16:v <0x029ca555>
			streams:   0, words:     0
		worklib.TLATNCAX12:v <0x553f5372>
			streams:   0, words:     0
		worklib.SMDFFHQX8:v <0x4cd28775>
			streams:   0, words:     0
		worklib.SMDFFHQX4:v <0x12603638>
			streams:   0, words:     0
		worklib.SMDFFHQX2:v <0x39940565>
			streams:   0, words:     0
		worklib.SMDFFHQX1:v <0x28c37730>
			streams:   0, words:     0
		worklib.SEDFFXL:v <0x6048af67>
			streams:   0, words:     0
		worklib.SEDFFX4:v <0x65e4b4c5>
			streams:   0, words:     0
		worklib.SEDFFX2:v <0x0ccdda41>
			streams:   0, words:     0
		worklib.SEDFFX1:v <0x514c85d8>
			streams:   0, words:     0
		worklib.SEDFFTRXL:v <0x54a66c43>
			streams:   0, words:     0
		worklib.SEDFFTRX4:v <0x6b1c53bf>
			streams:   0, words:     0
		worklib.SEDFFTRX2:v <0x3d396a60>
			streams:   0, words:     0
		worklib.SEDFFTRX1:v <0x12869d74>
			streams:   0, words:     0
		worklib.SEDFFHQX8:v <0x04153c46>
			streams:   0, words:     0
		worklib.SEDFFHQX4:v <0x7122f93f>
			streams:   0, words:     0
		worklib.SEDFFHQX2:v <0x0f147078>
			streams:   0, words:     0
		worklib.SEDFFHQX1:v <0x34a25f20>
			streams:   0, words:     0
		worklib.SDFFXL:v <0x72fc9ef4>
			streams:   0, words:     0
		worklib.SDFFX4:v <0x55bcedba>
			streams:   0, words:     0
		worklib.SDFFX2:v <0x657887b3>
			streams:   0, words:     0
		worklib.SDFFX1:v <0x39b7d94c>
			streams:   0, words:     0
		worklib.SDFFTRXL:v <0x481525fc>
			streams:   0, words:     0
		worklib.SDFFTRX4:v <0x78187092>
			streams:   0, words:     0
		worklib.SDFFTRX2:v <0x208f1f60>
			streams:   0, words:     0
		worklib.SDFFTRX1:v <0x3d22180b>
			streams:   0, words:     0
		worklib.SDFFSXL:v <0x79404862>
			streams:   0, words:     0
		worklib.SDFFSX4:v <0x123022c7>
			streams:   0, words:     0
		worklib.SDFFSX2:v <0x6df3dd19>
			streams:   0, words:     0
		worklib.SDFFSX1:v <0x4ae17abf>
			streams:   0, words:     0
		worklib.SDFFSRXL:v <0x282085b7>
			streams:   0, words:     0
		worklib.SDFFSRX4:v <0x49963360>
			streams:   0, words:     0
		worklib.SDFFSRX2:v <0x000268b2>
			streams:   0, words:     0
		worklib.SDFFSRX1:v <0x3c3b1d12>
			streams:   0, words:     0
		worklib.SDFFSRHQX8:v <0x2c63d70d>
			streams:   0, words:     0
		worklib.SDFFSRHQX4:v <0x3f1f6ec5>
			streams:   0, words:     0
		worklib.SDFFSRHQX2:v <0x074782b3>
			streams:   0, words:     0
		worklib.SDFFSRHQX1:v <0x327e1c53>
			streams:   0, words:     0
		worklib.SDFFSHQX8:v <0x12b2aab9>
			streams:   0, words:     0
		worklib.SDFFSHQX4:v <0x60992fad>
			streams:   0, words:     0
		worklib.SDFFSHQX2:v <0x198ced27>
			streams:   0, words:     0
		worklib.SDFFSHQX1:v <0x14e0bcf0>
			streams:   0, words:     0
		worklib.SDFFRXL:v <0x16e54e70>
			streams:   0, words:     0
		worklib.SDFFRX4:v <0x7d9524d5>
			streams:   0, words:     0
		worklib.SDFFRX2:v <0x0256db0b>
			streams:   0, words:     0
		worklib.SDFFRX1:v <0x25447cad>
			streams:   0, words:     0
		worklib.SDFFRHQX8:v <0x7af31061>
			streams:   0, words:     0
		worklib.SDFFRHQX4:v <0x08d89575>
			streams:   0, words:     0
		worklib.SDFFRHQX2:v <0x71cd57ff>
			streams:   0, words:     0
		worklib.SDFFRHQX1:v <0x7ca10628>
			streams:   0, words:     0
		worklib.SDFFQXL:v <0x69577df4>
			streams:   0, words:     0
		worklib.SDFFQX4:v <0x4d9a9822>
			streams:   0, words:     0
		worklib.SDFFQX2:v <0x4f62a80c>
			streams:   0, words:     0
		worklib.SDFFQX1:v <0x0e1eb01b>
			streams:   0, words:     0
		worklib.SDFFNSRXL:v <0x3ea81b0d>
			streams:   0, words:     0
		worklib.SDFFNSRX4:v <0x77746e1b>
			streams:   0, words:     0
		worklib.SDFFNSRX2:v <0x76415303>
			streams:   0, words:     0
		worklib.SDFFNSRX1:v <0x2e2895c6>
			streams:   0, words:     0
		worklib.SDFFHQX8:v <0x7cd9231d>
			streams:   0, words:     0
		worklib.SDFFHQX4:v <0x2b8922f8>
			streams:   0, words:     0
		worklib.SDFFHQX2:v <0x6d99a12a>
			streams:   0, words:     0
		worklib.SDFFHQX1:v <0x0e91e0c3>
			streams:   0, words:     0
		worklib.MDFFHQX8:v <0x580d3294>
			streams:   0, words:     0
		worklib.MDFFHQX4:v <0x0f5d3371>
			streams:   0, words:     0
		worklib.MDFFHQX2:v <0x494db0a3>
			streams:   0, words:     0
		worklib.MDFFHQX1:v <0x2a45f14a>
			streams:   0, words:     0
		worklib.EDFFXL:v <0x0df178ee>
			streams:   0, words:     0
		worklib.EDFFX4:v <0x01530e7a>
			streams:   0, words:     0
		worklib.EDFFX2:v <0x0b0e775b>
			streams:   0, words:     0
		worklib.EDFFX1:v <0x527ef879>
			streams:   0, words:     0
		worklib.EDFFTRXL:v <0x50e19843>
			streams:   0, words:     0
		worklib.EDFFTRX4:v <0x4c841dcd>
			streams:   0, words:     0
		worklib.EDFFTRX2:v <0x766dcfdf>
			streams:   0, words:     0
		worklib.EDFFTRX1:v <0x020cce0d>
			streams:   0, words:     0
		worklib.EDFFHQX8:v <0x236f9ae2>
			streams:   0, words:     0
		worklib.EDFFHQX4:v <0x4895a17f>
			streams:   0, words:     0
		worklib.EDFFHQX2:v <0x61368f03>
			streams:   0, words:     0
		worklib.EDFFHQX1:v <0x2d144074>
			streams:   0, words:     0
		worklib.DFFXL:v <0x550438f6>
			streams:   0, words:     0
		worklib.DFFX4:v <0x290f9862>
			streams:   0, words:     0
		worklib.DFFX2:v <0x730cb444>
			streams:   0, words:     0
		worklib.DFFX1:v <0x46fe7a1e>
			streams:   0, words:     0
		worklib.DFFTRXL:v <0x5d553b0f>
			streams:   0, words:     0
		worklib.DFFTRX4:v <0x57b8d6ef>
			streams:   0, words:     0
		worklib.DFFTRX2:v <0x53ec7731>
			streams:   0, words:     0
		worklib.DFFTRX1:v <0x49357f97>
			streams:   0, words:     0
		worklib.DFFSXL:v <0x04621295>
			streams:   0, words:     0
		worklib.DFFSX4:v <0x052505f3>
			streams:   0, words:     0
		worklib.DFFSX2:v <0x5db24e40>
			streams:   0, words:     0
		worklib.DFFSX1:v <0x5c4168b9>
			streams:   0, words:     0
		worklib.DFFSRXL:v <0x6353a8b3>
			streams:   0, words:     0
		worklib.DFFSRX4:v <0x479e4d65>
			streams:   0, words:     0
		worklib.DFFSRX2:v <0x45667d4b>
			streams:   0, words:     0
		worklib.DFFSRX1:v <0x041a655c>
			streams:   0, words:     0
		worklib.DFFSRHQX8:v <0x0119d591>
			streams:   0, words:     0
		worklib.DFFSRHQX4:v <0x3969e38a>
			streams:   0, words:     0
		worklib.DFFSRHQX2:v <0x21fc937c>
			streams:   0, words:     0
		worklib.DFFSRHQX1:v <0x7545734e>
			streams:   0, words:     0
		worklib.DFFSHQX8:v <0x25bf69f0>
			streams:   0, words:     0
		worklib.DFFSHQX4:v <0x5b4a2179>
			streams:   0, words:     0
		worklib.DFFSHQX2:v <0x0988061d>
			streams:   0, words:     0
		worklib.DFFSHQX1:v <0x510fa53d>
			streams:   0, words:     0
		worklib.DFFRXL:v <0x094cd8c3>
			streams:   0, words:     0
		worklib.DFFRX4:v <0x080bcfa5>
			streams:   0, words:     0
		worklib.DFFRX2:v <0x509c8416>
			streams:   0, words:     0
		worklib.DFFRX1:v <0x516fa2ef>
			streams:   0, words:     0
		worklib.DFFRHQX8:v <0x7ace61ee>
			streams:   0, words:     0
		worklib.DFFRHQX4:v <0x043b2967>
			streams:   0, words:     0
		worklib.DFFRHQX2:v <0x56f90e03>
			streams:   0, words:     0
		worklib.DFFRHQX1:v <0x0e7ead23>
			streams:   0, words:     0
		worklib.DFFQXL:v <0x1b17d9a2>
			streams:   0, words:     0
		worklib.DFFQX4:v <0x7b872537>
			streams:   0, words:     0
		worklib.DFFQX2:v <0x03ea9c38>
			streams:   0, words:     0
		worklib.DFFQX1:v <0x1264c39f>
			streams:   0, words:     0
		worklib.DFFNSRXL:v <0x4d06d2d9>
			streams:   0, words:     0
		worklib.DFFNSRX4:v <0x2e007a2b>
			streams:   0, words:     0
		worklib.DFFNSRX2:v <0x1cf779ec>
			streams:   0, words:     0
		worklib.DFFNSRX1:v <0x19d2cbbd>
			streams:   0, words:     0
		worklib.DFFHQX8:v <0x1b2757b8>
			streams:   0, words:     0
		worklib.DFFHQX4:v <0x38b471a2>
			streams:   0, words:     0
		worklib.DFFHQX2:v <0x40680a74>
			streams:   0, words:     0
		worklib.DFFHQX1:v <0x5513df44>
			streams:   0, words:     0
		worklib.TLATXLLVT:v <0x19e479b8>
			streams:   0, words:     0
		worklib.TLATX4LVT:v <0x3374022d>
			streams:   0, words:     0
		worklib.TLATX2LVT:v <0x1ce9b9a3>
			streams:   0, words:     0
		worklib.TLATX1LVT:v <0x7ac1d4f6>
			streams:   0, words:     0
		worklib.TLATSRXLLVT:v <0x5746b5b9>
			streams:   0, words:     0
		worklib.TLATSRX4LVT:v <0x1897655a>
			streams:   0, words:     0
		worklib.TLATSRX2LVT:v <0x0cc2e94d>
			streams:   0, words:     0
		worklib.TLATSRX1LVT:v <0x2b50ac66>
			streams:   0, words:     0
		worklib.TLATNXLLVT:v <0x1c7da03c>
			streams:   0, words:     0
		worklib.TLATNX4LVT:v <0x6522b967>
			streams:   0, words:     0
		worklib.TLATNX2LVT:v <0x4a5e013f>
			streams:   0, words:     0
		worklib.TLATNX1LVT:v <0x4513055a>
			streams:   0, words:     0
		worklib.TLATNTSCAX8LVT:v <0x053542d7>
			streams:   0, words:     0
		worklib.TLATNTSCAX6LVT:v <0x491d21f0>
			streams:   0, words:     0
		worklib.TLATNTSCAX4LVT:v <0x6c5e83a7>
			streams:   0, words:     0
		worklib.TLATNTSCAX3LVT:v <0x56148186>
			streams:   0, words:     0
		worklib.TLATNTSCAX20LVT:v <0x37e07e10>
			streams:   0, words:     0
		worklib.TLATNTSCAX2LVT:v <0x690dd38d>
			streams:   0, words:     0
		worklib.TLATNTSCAX16LVT:v <0x1d995746>
			streams:   0, words:     0
		worklib.TLATNTSCAX12LVT:v <0x525c18ce>
			streams:   0, words:     0
		worklib.TLATNSRXLLVT:v <0x298a7474>
			streams:   0, words:     0
		worklib.TLATNSRX4LVT:v <0x5cdfcbe1>
			streams:   0, words:     0
		worklib.TLATNSRX2LVT:v <0x42b2633b>
			streams:   0, words:     0
		worklib.TLATNSRX1LVT:v <0x3c6207c4>
			streams:   0, words:     0
		worklib.TLATNCAX8LVT:v <0x62bad7b7>
			streams:   0, words:     0
		worklib.TLATNCAX6LVT:v <0x74d1873c>
			streams:   0, words:     0
		worklib.TLATNCAX4LVT:v <0x3b7f29b6>
			streams:   0, words:     0
		worklib.TLATNCAX3LVT:v <0x1df202d3>
			streams:   0, words:     0
		worklib.TLATNCAX20LVT:v <0x57a76087>
			streams:   0, words:     0
		worklib.TLATNCAX2LVT:v <0x5330bd4d>
			streams:   0, words:     0
		worklib.TLATNCAX16LVT:v <0x4c4c379b>
			streams:   0, words:     0
		worklib.TLATNCAX12LVT:v <0x1236e57e>
			streams:   0, words:     0
		worklib.SMDFFHQX8LVT:v <0x6ab72098>
			streams:   0, words:     0
		worklib.SMDFFHQX4LVT:v <0x0ebecfc1>
			streams:   0, words:     0
		worklib.SMDFFHQX2LVT:v <0x20e40bdf>
			streams:   0, words:     0
		worklib.SMDFFHQX1LVT:v <0x6f3a3199>
			streams:   0, words:     0
		worklib.SEDFFXLLVT:v <0x3917e2e9>
			streams:   0, words:     0
		worklib.SEDFFX4LVT:v <0x20a17c65>
			streams:   0, words:     0
		worklib.SEDFFX2LVT:v <0x2f314e7c>
			streams:   0, words:     0
		worklib.SEDFFX1LVT:v <0x6c543c8b>
			streams:   0, words:     0
		worklib.SEDFFTRXLLVT:v <0x54257190>
			streams:   0, words:     0
		worklib.SEDFFTRX4LVT:v <0x1aa5665c>
			streams:   0, words:     0
		worklib.SEDFFTRX2LVT:v <0x4d0a90d2>
			streams:   0, words:     0
		worklib.SEDFFTRX1LVT:v <0x573bdb07>
			streams:   0, words:     0
		worklib.SEDFFHQX8LVT:v <0x5c3aa9cb>
			streams:   0, words:     0
		worklib.SEDFFHQX4LVT:v <0x2806179d>
			streams:   0, words:     0
		worklib.SEDFFHQX2LVT:v <0x3b0da06d>
			streams:   0, words:     0
		worklib.SEDFFHQX1LVT:v <0x2a7b23dc>
			streams:   0, words:     0
		worklib.SDFFXLLVT:v <0x48cf3c58>
			streams:   0, words:     0
		worklib.SDFFX4LVT:v <0x2708916f>
			streams:   0, words:     0
		worklib.SDFFX2LVT:v <0x589fdc1a>
			streams:   0, words:     0
		worklib.SDFFX1LVT:v <0x63f9115b>
			streams:   0, words:     0
		worklib.SDFFTRXLLVT:v <0x5f3c9e7c>
			streams:   0, words:     0
		worklib.SDFFTRX4LVT:v <0x682ffc35>
			streams:   0, words:     0
		worklib.SDFFTRX2LVT:v <0x25c4c173>
			streams:   0, words:     0
		worklib.SDFFTRX1LVT:v <0x6a24b70b>
			streams:   0, words:     0
		worklib.SDFFSXLLVT:v <0x146bff88>
			streams:   0, words:     0
		worklib.SDFFSX4LVT:v <0x15374513>
			streams:   0, words:     0
		worklib.SDFFSX2LVT:v <0x0a9b3744>
			streams:   0, words:     0
		worklib.SDFFSX1LVT:v <0x01e06594>
			streams:   0, words:     0
		worklib.SDFFSRXLLVT:v <0x2add2356>
			streams:   0, words:     0
		worklib.SDFFSRX4LVT:v <0x3f8d2b03>
			streams:   0, words:     0
		worklib.SDFFSRX2LVT:v <0x46338651>
			streams:   0, words:     0
		worklib.SDFFSRX1LVT:v <0x621f88b1>
			streams:   0, words:     0
		worklib.SDFFSRHQX8LVT:v <0x7918a047>
			streams:   0, words:     0
		worklib.SDFFSRHQX4LVT:v <0x0aae3f39>
			streams:   0, words:     0
		worklib.SDFFSRHQX2LVT:v <0x5a60985d>
			streams:   0, words:     0
		worklib.SDFFSRHQX1LVT:v <0x5b122334>
			streams:   0, words:     0
		worklib.SDFFSHQX8LVT:v <0x42945411>
			streams:   0, words:     0
		worklib.SDFFSHQX4LVT:v <0x21d6eedc>
			streams:   0, words:     0
		worklib.SDFFSHQX2LVT:v <0x3dcf309a>
			streams:   0, words:     0
		worklib.SDFFSHQX1LVT:v <0x73c3dfb9>
			streams:   0, words:     0
		worklib.SDFFRXLLVT:v <0x597df18d>
			streams:   0, words:     0
		worklib.SDFFRX4LVT:v <0x58214b16>
			streams:   0, words:     0
		worklib.SDFFRX2LVT:v <0x478d3941>
			streams:   0, words:     0
		worklib.SDFFRX1LVT:v <0x4cf66b91>
			streams:   0, words:     0
		worklib.SDFFRHQX8LVT:v <0x6f1cc59c>
			streams:   0, words:     0
		worklib.SDFFRHQX4LVT:v <0x0c5e7f51>
			streams:   0, words:     0
		worklib.SDFFRHQX2LVT:v <0x1047a117>
			streams:   0, words:     0
		worklib.SDFFRHQX1LVT:v <0x5e4b4e34>
			streams:   0, words:     0
		worklib.SDFFQXLLVT:v <0x0c7612df>
			streams:   0, words:     0
		worklib.SDFFQX4LVT:v <0x4a1c46cf>
			streams:   0, words:     0
		worklib.SDFFQX2LVT:v <0x14513eb1>
			streams:   0, words:     0
		worklib.SDFFQX1LVT:v <0x4a91321c>
			streams:   0, words:     0
		worklib.SDFFNSRXLLVT:v <0x017b1f1f>
			streams:   0, words:     0
		worklib.SDFFNSRX4LVT:v <0x6a0bf3f2>
			streams:   0, words:     0
		worklib.SDFFNSRX2LVT:v <0x713da628>
			streams:   0, words:     0
		worklib.SDFFNSRX1LVT:v <0x2455d48c>
			streams:   0, words:     0
		worklib.SDFFHQX8LVT:v <0x4b9ea9d8>
			streams:   0, words:     0
		worklib.SDFFHQX4LVT:v <0x0eaa91bf>
			streams:   0, words:     0
		worklib.SDFFHQX2LVT:v <0x306ebe3e>
			streams:   0, words:     0
		worklib.SDFFHQX1LVT:v <0x1a477297>
			streams:   0, words:     0
		worklib.MDFFHQX8LVT:v <0x73210875>
			streams:   0, words:     0
		worklib.MDFFHQX4LVT:v <0x36153012>
			streams:   0, words:     0
		worklib.MDFFHQX2LVT:v <0x08d11f93>
			streams:   0, words:     0
		worklib.MDFFHQX1LVT:v <0x22f8d33a>
			streams:   0, words:     0
		worklib.EDFFXLLVT:v <0x2d15e6a0>
			streams:   0, words:     0
		worklib.EDFFX4LVT:v <0x0262557f>
			streams:   0, words:     0
		worklib.EDFFX2LVT:v <0x29631a52>
			streams:   0, words:     0
		worklib.EDFFX1LVT:v <0x784ed63f>
			streams:   0, words:     0
		worklib.EDFFTRXLLVT:v <0x0778b0bd>
			streams:   0, words:     0
		worklib.EDFFTRX4LVT:v <0x148db605>
			streams:   0, words:     0
		worklib.EDFFTRX2LVT:v <0x711efc0d>
			streams:   0, words:     0
		worklib.EDFFTRX1LVT:v <0x3231e99b>
			streams:   0, words:     0
		worklib.EDFFHQX8LVT:v <0x7e3f6f3a>
			streams:   0, words:     0
		worklib.EDFFHQX4LVT:v <0x3065bf2f>
			streams:   0, words:     0
		worklib.EDFFHQX2LVT:v <0x13e5bcde>
			streams:   0, words:     0
		worklib.EDFFHQX1LVT:v <0x0688d6dd>
			streams:   0, words:     0
		worklib.DFFXLLVT:v <0x02d309f1>
			streams:   0, words:     0
		worklib.DFFX4LVT:v <0x436b8472>
			streams:   0, words:     0
		worklib.DFFX2LVT:v <0x0855a331>
			streams:   0, words:     0
		worklib.DFFX1LVT:v <0x58816bf9>
			streams:   0, words:     0
		worklib.DFFTRXLLVT:v <0x5c7c7dfb>
			streams:   0, words:     0
		worklib.DFFTRX4LVT:v <0x3b66ca6f>
			streams:   0, words:     0
		worklib.DFFTRX2LVT:v <0x56745ab6>
			streams:   0, words:     0
		worklib.DFFTRX1LVT:v <0x55b6c9b3>
			streams:   0, words:     0
		worklib.DFFSXLLVT:v <0x33bb128c>
			streams:   0, words:     0
		worklib.DFFSX4LVT:v <0x39d879d4>
			streams:   0, words:     0
		worklib.DFFSX2LVT:v <0x08b90e28>
			streams:   0, words:     0
		worklib.DFFSX1LVT:v <0x08faed9f>
			streams:   0, words:     0
		worklib.DFFSRXLLVT:v <0x7526a416>
			streams:   0, words:     0
		worklib.DFFSRX4LVT:v <0x334cf006>
			streams:   0, words:     0
		worklib.DFFSRX2LVT:v <0x6d018878>
			streams:   0, words:     0
		worklib.DFFSRX1LVT:v <0x33c184d5>
			streams:   0, words:     0
		worklib.DFFSRHQX8LVT:v <0x0685e7d0>
			streams:   0, words:     0
		worklib.DFFSRHQX4LVT:v <0x29755c04>
			streams:   0, words:     0
		worklib.DFFSRHQX2LVT:v <0x267e59a7>
			streams:   0, words:     0
		worklib.DFFSRHQX1LVT:v <0x7da5e8c4>
			streams:   0, words:     0
		worklib.DFFSHQX8LVT:v <0x73648412>
			streams:   0, words:     0
		worklib.DFFSHQX4LVT:v <0x243d2cc6>
			streams:   0, words:     0
		worklib.DFFSHQX2LVT:v <0x0f91f8ac>
			streams:   0, words:     0
		worklib.DFFSHQX1LVT:v <0x1a479299>
			streams:   0, words:     0
		worklib.DFFRXLLVT:v <0x73df24b4>
			streams:   0, words:     0
		worklib.DFFRX4LVT:v <0x79bc4fec>
			streams:   0, words:     0
		worklib.DFFRX2LVT:v <0x48dd3810>
			streams:   0, words:     0
		worklib.DFFRX1LVT:v <0x489edba7>
			streams:   0, words:     0
		worklib.DFFRHQX8LVT:v <0x63ab76b2>
			streams:   0, words:     0
		worklib.DFFRHQX4LVT:v <0x34f2de66>
			streams:   0, words:     0
		worklib.DFFRHQX2LVT:v <0x1f5e0a0c>
			streams:   0, words:     0
		worklib.DFFRHQX1LVT:v <0x0a886039>
			streams:   0, words:     0
		worklib.DFFQXLLVT:v <0x788da4ee>
			streams:   0, words:     0
		worklib.DFFQX4LVT:v <0x1ec384ea>
			streams:   0, words:     0
		worklib.DFFQX2LVT:v <0x2f96fb80>
			streams:   0, words:     0
		worklib.DFFQX1LVT:v <0x46daf4a7>
			streams:   0, words:     0
		worklib.DFFNSRXLLVT:v <0x02533a51>
			streams:   0, words:     0
		worklib.DFFNSRX4LVT:v <0x3cccfb7c>
			streams:   0, words:     0
		worklib.DFFNSRX2LVT:v <0x7fe1dd91>
			streams:   0, words:     0
		worklib.DFFNSRX1LVT:v <0x42297d55>
			streams:   0, words:     0
		worklib.DFFHQX8LVT:v <0x0d65af86>
			streams:   0, words:     0
		worklib.DFFHQX4LVT:v <0x6ccf33f9>
			streams:   0, words:     0
		worklib.DFFHQX2LVT:v <0x2951a6af>
			streams:   0, words:     0
		worklib.DFFHQX1LVT:v <0x4b9eec04>
			streams:   0, words:     0
		worklib.TLATX4HVT:v <0x564b7ee3>
			streams:   0, words:     0
		worklib.TLATX2HVT:v <0x79d6c56d>
			streams:   0, words:     0
		worklib.TLATX1HVT:v <0x1ffea838>
			streams:   0, words:     0
		worklib.TLATSRXLHVT:v <0x47851825>
			streams:   0, words:     0
		worklib.TLATSRX4HVT:v <0x0854c8c6>
			streams:   0, words:     0
		worklib.TLATSRX2HVT:v <0x1c0144d1>
			streams:   0, words:     0
		worklib.TLATSRX1HVT:v <0x3b9301fa>
			streams:   0, words:     0
		worklib.TLATNX4HVT:v <0x0f47c8d6>
			streams:   0, words:     0
		worklib.TLATNX2HVT:v <0x203b708e>
			streams:   0, words:     0
		worklib.TLATNX1HVT:v <0x2f7674eb>
			streams:   0, words:     0
		worklib.TLATNTSCAX8HVT:v <0x26fd8a0b>
			streams:   0, words:     0
		worklib.TLATNTSCAX6HVT:v <0x6ad5e92c>
			streams:   0, words:     0
		worklib.TLATNTSCAX4HVT:v <0x4f964b7b>
			streams:   0, words:     0
		worklib.TLATNTSCAX3HVT:v <0x75dc495a>
			streams:   0, words:     0
		worklib.TLATNTSCAX20HVT:v <0x1485698f>
			streams:   0, words:     0
		worklib.TLATNTSCAX2HVT:v <0x4ac51b51>
			streams:   0, words:     0
		worklib.TLATNTSCAX16HVT:v <0x3efc40d9>
			streams:   0, words:     0
		worklib.TLATNTSCAX12HVT:v <0x71390f51>
			streams:   0, words:     0
		worklib.TLATNSRXLHVT:v <0x20959723>
			streams:   0, words:     0
		worklib.TLATNSRX4HVT:v <0x55c028b6>
			streams:   0, words:     0
		worklib.TLATNSRX2HVT:v <0x4bad806c>
			streams:   0, words:     0
		worklib.TLATNSRX1HVT:v <0x357de493>
			streams:   0, words:     0
		worklib.TLATNCAX8HVT:v <0x01c10cc6>
			streams:   0, words:     0
		worklib.TLATNCAX6HVT:v <0x17aa5c4d>
			streams:   0, words:     0
		worklib.TLATNCAX4HVT:v <0x5804f2c7>
			streams:   0, words:     0
		worklib.TLATNCAX3HVT:v <0x7e89d9a2>
			streams:   0, words:     0
		worklib.TLATNCAX20HVT:v <0x16eb406a>
			streams:   0, words:     0
		worklib.TLATNCAX2HVT:v <0x304b663c>
			streams:   0, words:     0
		worklib.TLATNCAX16HVT:v <0x0d001776>
			streams:   0, words:     0
		worklib.TLATNCAX12HVT:v <0x537ac593>
			streams:   0, words:     0
		worklib.SMDFFHQX8HVT:v <0x6857111c>
			streams:   0, words:     0
		worklib.SMDFFHQX4HVT:v <0x0c5efe45>
			streams:   0, words:     0
		worklib.SMDFFHQX2HVT:v <0x22043a5b>
			streams:   0, words:     0
		worklib.SMDFFHQX1HVT:v <0x6dda001d>
			streams:   0, words:     0
		worklib.SEDFFXLHVT:v <0x185732c1>
			streams:   0, words:     0
		worklib.SEDFFX4HVT:v <0x01e1ac4d>
			streams:   0, words:     0
		worklib.SEDFFX2HVT:v <0x0e719e54>
			streams:   0, words:     0
		worklib.SEDFFX1HVT:v <0x4d14eca3>
			streams:   0, words:     0
		worklib.SEDFFTRXLHVT:v <0x677741f7>
			streams:   0, words:     0
		worklib.SEDFFTRX4HVT:v <0x29f7563b>
			streams:   0, words:     0
		worklib.SEDFFTRX2HVT:v <0x7e58a0b5>
			streams:   0, words:     0
		worklib.SEDFFTRX1HVT:v <0x6469eb60>
			streams:   0, words:     0
		worklib.SEDFFHQX8HVT:v <0x69dbc4ef>
			streams:   0, words:     0
		worklib.SEDFFHQX4HVT:v <0x1de77ab9>
			streams:   0, words:     0
		worklib.SEDFFHQX2HVT:v <0x0eeccd49>
			streams:   0, words:     0
		worklib.SEDFFHQX1HVT:v <0x1f9a4ef8>
			streams:   0, words:     0
		worklib.SDFFXLHVT:v <0x57216c02>
			streams:   0, words:     0
		worklib.SDFFX4HVT:v <0x38e6c135>
			streams:   0, words:     0
		worklib.SDFFX2HVT:v <0x47718c40>
			streams:   0, words:     0
		worklib.SDFFX1HVT:v <0x7c174101>
			streams:   0, words:     0
		worklib.SDFFTRXLHVT:v <0x073a51ee>
			streams:   0, words:     0
		worklib.SDFFTRX4HVT:v <0x302933a7>
			streams:   0, words:     0
		worklib.SDFFTRX2HVT:v <0x7dc20ee1>
			streams:   0, words:     0
		worklib.SDFFTRX1HVT:v <0x32227899>
			streams:   0, words:     0
		worklib.SDFFSXLHVT:v <0x7e6d4795>
			streams:   0, words:     0
		worklib.SDFFSX4HVT:v <0x7f31fd0e>
			streams:   0, words:     0
		worklib.SDFFSX2HVT:v <0x609d8f59>
			streams:   0, words:     0
		worklib.SDFFSX1HVT:v <0x6be6dd89>
			streams:   0, words:     0
		worklib.SDFFSRXLHVT:v <0x28f69efe>
			streams:   0, words:     0
		worklib.SDFFSRX4HVT:v <0x3da696ab>
			streams:   0, words:     0
		worklib.SDFFSRX2HVT:v <0x44183bf9>
			streams:   0, words:     0
		worklib.SDFFSRX1HVT:v <0x60343519>
			streams:   0, words:     0
		worklib.SDFFSRHQX8HVT:v <0x35b1d641>
			streams:   0, words:     0
		worklib.SDFFSRHQX4HVT:v <0x4607493f>
			streams:   0, words:     0
		worklib.SDFFSRHQX2HVT:v <0x16c9ee5b>
			streams:   0, words:     0
		worklib.SDFFSRHQX1HVT:v <0x17bb5532>
			streams:   0, words:     0
		worklib.SDFFSHQX8HVT:v <0x5acd53c4>
			streams:   0, words:     0
		worklib.SDFFSHQX4HVT:v <0x398fe909>
			streams:   0, words:     0
		worklib.SDFFSHQX2HVT:v <0x2596374f>
			streams:   0, words:     0
		worklib.SDFFSHQX1HVT:v <0x6b9ad86c>
			streams:   0, words:     0
		worklib.SDFFRXLHVT:v <0x337b4990>
			streams:   0, words:     0
		worklib.SDFFRX4HVT:v <0x3227f30b>
			streams:   0, words:     0
		worklib.SDFFRX2HVT:v <0x2d8b815c>
			streams:   0, words:     0
		worklib.SDFFRX1HVT:v <0x26f0d38c>
			streams:   0, words:     0
		worklib.SDFFRHQX8HVT:v <0x7745c249>
			streams:   0, words:     0
		worklib.SDFFRHQX4HVT:v <0x14077884>
			streams:   0, words:     0
		worklib.SDFFRHQX2HVT:v <0x081ea6c2>
			streams:   0, words:     0
		worklib.SDFFRHQX1HVT:v <0x461249e1>
			streams:   0, words:     0
		worklib.SDFFQX4HVT:v <0x699126d4>
			streams:   0, words:     0
		worklib.SDFFQX2HVT:v <0x37dc5eaa>
			streams:   0, words:     0
		worklib.SDFFQX1HVT:v <0x691c5207>
			streams:   0, words:     0
		worklib.SDFFNSRXLHVT:v <0x23ac4a39>
			streams:   0, words:     0
		worklib.SDFFNSRX4HVT:v <0x48dca6d4>
			streams:   0, words:     0
		worklib.SDFFNSRX2HVT:v <0x53eaf30e>
			streams:   0, words:     0
		worklib.SDFFNSRX1HVT:v <0x068281aa>
			streams:   0, words:     0
		worklib.SDFFHQX8HVT:v <0x074f1c8f>
			streams:   0, words:     0
		worklib.SDFFHQX4HVT:v <0x427b24e8>
			streams:   0, words:     0
		worklib.SDFFHQX2HVT:v <0x7cbf0b69>
			streams:   0, words:     0
		worklib.SDFFHQX1HVT:v <0x5696c7c0>
			streams:   0, words:     0
		worklib.MDFFHQX8HVT:v <0x3ff0bd22>
			streams:   0, words:     0
		worklib.MDFFHQX4HVT:v <0x7ac48545>
			streams:   0, words:     0
		worklib.MDFFHQX2HVT:v <0x4400aac4>
			streams:   0, words:     0
		worklib.MDFFHQX1HVT:v <0x6e29666d>
			streams:   0, words:     0
		worklib.EDFFXLHVT:v <0x04d89ab8>
			streams:   0, words:     0
		worklib.EDFFX4HVT:v <0x2baf2967>
			streams:   0, words:     0
		worklib.EDFFX2HVT:v <0x00ae664a>
			streams:   0, words:     0
		worklib.EDFFX1HVT:v <0x5183aa27>
			streams:   0, words:     0
		worklib.EDFFTRXLHVT:v <0x4af04bf4>
			streams:   0, words:     0
		worklib.EDFFTRX4HVT:v <0x59054d4c>
			streams:   0, words:     0
		worklib.EDFFTRX2HVT:v <0x3c960744>
			streams:   0, words:     0
		worklib.EDFFTRX1HVT:v <0x7fb912d2>
			streams:   0, words:     0
		worklib.EDFFHQX8HVT:v <0x17f08f20>
			streams:   0, words:     0
		worklib.EDFFHQX4HVT:v <0x59aa5f35>
			streams:   0, words:     0
		worklib.EDFFHQX2HVT:v <0x7a2a5cc4>
			streams:   0, words:     0
		worklib.EDFFHQX1HVT:v <0x6f4736c7>
			streams:   0, words:     0
		worklib.DFFXLHVT:v <0x6fbc1791>
			streams:   0, words:     0
		worklib.DFFX4HVT:v <0x2e049a12>
			streams:   0, words:     0
		worklib.DFFX2HVT:v <0x653abd51>
			streams:   0, words:     0
		worklib.DFFX1HVT:v <0x35ee7599>
			streams:   0, words:     0
		worklib.DFFTRXLHVT:v <0x604a85cf>
			streams:   0, words:     0
		worklib.DFFTRX4HVT:v <0x0750325b>
			streams:   0, words:     0
		worklib.DFFTRX2HVT:v <0x6a42a282>
			streams:   0, words:     0
		worklib.DFFTRX1HVT:v <0x69803187>
			streams:   0, words:     0
		worklib.DFFSXLHVT:v <0x493ea68c>
			streams:   0, words:     0
		worklib.DFFSX4HVT:v <0x435dcdd4>
			streams:   0, words:     0
		worklib.DFFSX2HVT:v <0x723cba28>
			streams:   0, words:     0
		worklib.DFFSX1HVT:v <0x727f599f>
			streams:   0, words:     0
		worklib.DFFSRXLHVT:v <0x56abc40d>
			streams:   0, words:     0
		worklib.DFFSRX4HVT:v <0x10c1901d>
			streams:   0, words:     0
		worklib.DFFSRX2HVT:v <0x4e8ce863>
			streams:   0, words:     0
		worklib.DFFSRX1HVT:v <0x104ce4ce>
			streams:   0, words:     0
		worklib.DFFSRHQX8HVT:v <0x0ce4b0f3>
			streams:   0, words:     0
		worklib.DFFSRHQX4HVT:v <0x23140b27>
			streams:   0, words:     0
		worklib.DFFSRHQX2HVT:v <0x2c1f0e84>
			streams:   0, words:     0
		worklib.DFFSRHQX1HVT:v <0x77c4bfe7>
			streams:   0, words:     0
		worklib.DFFSHQX8HVT:v <0x63902b3e>
			streams:   0, words:     0
		worklib.DFFSHQX4HVT:v <0x34c983ea>
			streams:   0, words:     0
		worklib.DFFSHQX2HVT:v <0x1f655780>
			streams:   0, words:     0
		worklib.DFFSHQX1HVT:v <0x0ab33db5>
			streams:   0, words:     0
		worklib.DFFRXLHVT:v <0x095a90b4>
			streams:   0, words:     0
		worklib.DFFRX4HVT:v <0x0339fbec>
			streams:   0, words:     0
		worklib.DFFRX2HVT:v <0x32588c10>
			streams:   0, words:     0
		worklib.DFFRX1HVT:v <0x321b6fa7>
			streams:   0, words:     0
		worklib.DFFRHQX8HVT:v <0x735fd99e>
			streams:   0, words:     0
		worklib.DFFRHQX4HVT:v <0x2406714a>
			streams:   0, words:     0
		worklib.DFFRHQX2HVT:v <0x0faaa520>
			streams:   0, words:     0
		worklib.DFFRHQX1HVT:v <0x1a7ccf15>
			streams:   0, words:     0
		worklib.DFFQX4HVT:v <0x443ebfaa>
			streams:   0, words:     0
		worklib.DFFQX2HVT:v <0x756bc0c0>
			streams:   0, words:     0
		worklib.DFFQX1HVT:v <0x1c27cfe7>
			streams:   0, words:     0
		worklib.DFFNSRXLHVT:v <0x3baaffaa>
			streams:   0, words:     0
		worklib.DFFNSRX4HVT:v <0x05353e87>
			streams:   0, words:     0
		worklib.DFFNSRX2HVT:v <0x4618186a>
			streams:   0, words:     0
		worklib.DFFNSRX1HVT:v <0x7bd0b8ae>
			streams:   0, words:     0
		worklib.DFFHQX8HVT:v <0x037e1d69>
			streams:   0, words:     0
		worklib.DFFHQX4HVT:v <0x62d48116>
			streams:   0, words:     0
		worklib.DFFHQX2HVT:v <0x274a1440>
			streams:   0, words:     0
		worklib.DFFHQX1HVT:v <0x45855eeb>
			streams:   0, words:     0
	Building instance specific data structures.
	Loading native compiled code:     .................... Done
	Design hierarchy summary:
		                     Instances  Unique
		Modules:                 1,891   1,454
		UDPs:                    1,025      14
		Primitives:              6,432       6
		Timing outputs:          2,192   1,219
		Registers:                 593     477
		Scalar wires:            9,121       -
		Expanded wires:             34       2
		Always blocks:               1       1
		Initial blocks:              4       4
		Pseudo assignments:          7       -
		Timing checks:           6,665     138
		Interconnect:            1,080       -
		Delayed tcheck signals:  1,870   1,734
		Simulation timescale:      1ps
	Writing initial simulation snapshot: worklib.ACHCONX2HVT:v
xmsim: *W,NOMTDGUI: Multi-Threaded Dumping is disabled for interactive debug mode.

-------------------------------------
Relinquished control to SimVision...
xcelium> 
xcelium> source /home/cadence/install_RB_8.7/XCELIUM2409/tools/xcelium/files/xmsimrc
xcelium> database -open waves -into waves.shm -default
Created default SHM database waves
xcelium> probe -create -shm uart_tb.address uart_tb.clk uart_tb.re uart_tb.read_data uart_tb.rst uart_tb.rx uart_tb.tx uart_tb.we uart_tb.write_data
Created probe 1
xcelium> run
xmsim: *W,VCDFOP: Unable to open VCD file ./temp/UART_tb.vcd (check file permissions).
            Time: 0 FS + 4


Warning!  Timing violation
           $setuphold<setup>( negedge G:110022 PS, posedge D:110015 PS,  0.021 : 21 PS,  0.000 : 0 FS );
            File: ./lib/verilog/slow_vdd1v0_basicCells_hvt.v, line = 13286
           Scope: uart_tb.uut.uut_tx.\next_state_reg[0] 
            Time: 110022 PS


Warning!  Timing violation
           $setuphold<setup>( posedge GN:105325143 PS, posedge D:105325139 PS,  0.028 : 28 PS,  0.000 : 0 FS );
            File: ./lib/verilog/slow_vdd1v0_basicCells_hvt.v, line = 12982
           Scope: uart_tb.uut.uut_rx.\next_state_reg[1] 
            Time: 105325143 PS


Warning!  Timing violation
           $setuphold<setup>( negedge G:105725141 PS, posedge D:105725136 PS,  0.020 : 20 PS,  0.000 : 0 FS );
            File: ./lib/verilog/slow_vdd1v0_basicCells_hvt.v, line = 13286
           Scope: uart_tb.uut.uut_tx.\next_state_reg[1] 
            Time: 105725141 PS


Warning!  Timing violation
           $setuphold<setup>( negedge G:105725141 PS, negedge D:105725116 PS,  0.030 : 30 PS,  0.000 : 0 FS );
            File: ./lib/verilog/slow_vdd1v0_basicCells_hvt.v, line = 13287
           Scope: uart_tb.uut.uut_tx.\next_state_reg[1] 
            Time: 105725141 PS

Simulation complete via $finish(1) at time 1645610 NS + 0
./uart_tb.v:95         #500000 $finish;
xcelium> TOOL:	xrun(64)	24.09-s005: Exiting on Aug 22, 2026 at 23:08:03 IST  (total: 00:06:47)
